node : (node:8532) [DEP0176] DeprecationWarning: fs.F_OK is deprecated, use fs.constants.F_OK instead
No linha:2 caractere:121
+ ... ild-plain'; node node_modules/react-scripts/scripts/build.js *> 'C:\U ...
+                 ~~~~~~~~~~~~~~~~~~~~~~~~~~~~~~~~~~~~~~~~~~~~~~~~~~~~~~~~~
    + CategoryInfo          : NotSpecified: ((node:8532) [DE...ts.F_OK instead:String) [], RemoteException
    + FullyQualifiedErrorId : NativeCommandError
 
(Use `node --trace-deprecation ...` to show where the warning was created)
Creating an optimized production build...
Browserslist: browsers data (caniuse-lite) is 20 months old. Please run:
  npx update-browserslist-db@latest
  Why you should do it regularly: https://github.com/browserslist/update-db#readme
Browserslist: browsers data (caniuse-lite) is 20 months old. Please run:
  npx update-browserslist-db@latest
  Why you should do it regularly: https://github.com/browserslist/update-db#readme
Compiled successfully.

File sizes after gzip:

  1.1 MB     build-plain\static\js\main.156f21e2.js
  176.42 kB  build-plain\static\js\105.8aceebe9.chunk.js
  10.17 kB   build-plain\static\css\main.f703ee76.css
  5.36 kB    build-plain\static\js\714.fab019ed.chunk.js
  2.67 kB    build-plain\static\js\488.13f461bb.chunk.js

The bundle size is significantly larger than recommended.
Consider reducing it with code splitting: https://goo.gl/9VhYWB
You can also analyze the project dependencies: https://goo.gl/LeUzfb

The project was built assuming it is hosted at /.
You can control this with the homepage field in your package.json.

The ..\..\..\..\GUILHE~1\AppData\Local\Temp\minhaficha-revisao-d201d0b3c2e9485fb1604c0e8f8feec8\build-plain folder is ready to be deployed.
You may serve it with a static server:

  npm install -g serve
  serve -s ..\..\..\..\GUILHE~1\AppData\Local\Temp\minhaficha-revisao-d201d0b3c2e9485fb1604c0e8f8feec8\build-plain

Find out more about deployment here:

  https://cra.link/deployment


