fixa-rpg@0.1.0 C:\Users\Guilherme\Documents\GitHub\MinhaFichaDnd
├─┬ react-router-dom@6.30.0
│ ├── @remix-run/router@1.23.0
│ └─┬ react-router@6.30.0
│   └── @remix-run/router@1.23.0 deduped
└─┬ react-scripts@5.0.1
  ├─┬ jest@27.5.1
  │ └─┬ @jest/core@27.5.1
  │   └─┬ jest-config@27.5.1
  │     └─┬ jest-environment-jsdom@27.5.1
  │       └─┬ jsdom@16.7.0
  │         └── form-data@3.0.3
  ├─┬ react-dev-utils@12.0.1
  │ └── shell-quote@1.8.2
  └─┬ webpack-dev-server@4.15.2
    ├─┬ express@4.21.2
    │ └── proxy-addr@2.0.7
    ├─┬ launch-editor@2.10.0
    │ └── shell-quote@1.8.2 deduped
    └─┬ sockjs@0.3.24
      ├─┬ faye-websocket@0.11.4
      │ └── websocket-driver@0.7.4 deduped
      └── websocket-driver@0.7.4


